// Jest Snapshot v1, https://goo.gl/fbAQLP

exports[`Component snapshot tests Check on draw 1`] = `"<h1 class=\\"makeStyles-title-2\\">It\`s a draw!</h1>"`;

exports[`Component snapshot tests Check on start new game 1`] = `"<h1 class=\\"makeStyles-title-2\\">Now player <span>X</span> move</h1><div class=\\"MuiGrid-root makeStyles-root-1 MuiGrid-container MuiGrid-spacing-xs-2 MuiGrid-align-items-xs-center MuiGrid-justify-xs-center\\"><div class=\\"MuiGrid-root MuiGrid-container MuiGrid-spacing-xs-4 MuiGrid-item MuiGrid-align-items-xs-center MuiGrid-justify-xs-center MuiGrid-grid-md-8\\"><div class=\\"MuiGrid-root MuiGrid-item\\"><div class=\\"MuiPaper-root MuiPaper-elevation1 row-0 makeStyles-paper-5  MuiPaper-rounded\\"></div></div><div class=\\"MuiGrid-root MuiGrid-item\\"><div class=\\"MuiPaper-root MuiPaper-elevation1 row-1 makeStyles-paper-5  MuiPaper-rounded\\"></div></div><div class=\\"MuiGrid-root MuiGrid-item\\"><div class=\\"MuiPaper-root MuiPaper-elevation1 row-2 makeStyles-paper-5  MuiPaper-rounded\\"></div></div></div><div class=\\"MuiGrid-root MuiGrid-container MuiGrid-spacing-xs-4 MuiGrid-item MuiGrid-align-items-xs-center MuiGrid-justify-xs-center MuiGrid-grid-md-8\\"><div class=\\"MuiGrid-root MuiGrid-item\\"><div class=\\"MuiPaper-root MuiPaper-elevation1 row-3 makeStyles-paper-5  MuiPaper-rounded\\"></div></div><div class=\\"MuiGrid-root MuiGrid-item\\"><div class=\\"MuiPaper-root MuiPaper-elevation1 row-4 makeStyles-paper-5  MuiPaper-rounded\\"></div></div><div class=\\"MuiGrid-root MuiGrid-item\\"><div class=\\"MuiPaper-root MuiPaper-elevation1 row-5 makeStyles-paper-5  MuiPaper-rounded\\"></div></div></div><div class=\\"MuiGrid-root MuiGrid-container MuiGrid-spacing-xs-4 MuiGrid-item MuiGrid-align-items-xs-center MuiGrid-justify-xs-center MuiGrid-grid-md-8\\"><div class=\\"MuiGrid-root MuiGrid-item\\"><div class=\\"MuiPaper-root MuiPaper-elevation1 row-6 makeStyles-paper-5  MuiPaper-rounded\\"></div></div><div class=\\"MuiGrid-root MuiGrid-item\\"><div class=\\"MuiPaper-root MuiPaper-elevation1 row-7 makeStyles-paper-5  MuiPaper-rounded\\"></div></div><div class=\\"MuiGrid-root MuiGrid-item\\"><div class=\\"MuiPaper-root MuiPaper-elevation1 row-8 makeStyles-paper-5  MuiPaper-rounded\\"></div></div></div></div>"`;

exports[`Component snapshot tests Check on win X 1`] = `"<h1 class=\\"makeStyles-title-2\\">Win player <span>X</span></h1>"`;

exports[`Component snapshot tests Drawing initial field and check title snapshot 1`] = `"<h1 class=\\"makeStyles-title-2\\">Now player <span>X</span> move</h1>"`;

exports[`Component snapshot tests Make firts move 1`] = `"<div class=\\"MuiPaper-root MuiPaper-elevation1 row-0 makeStyles-paper-5  MuiPaper-rounded\\">X</div>"`;
